TimeQuest Timing Analyzer report for ALU
Wed Oct 28 11:59:30 2020
Quartus II 32-bit Version 13.0.1 Build 232 06/12/2013 Service Pack 1 SJ Web Edition


---------------------
; Table of Contents ;
---------------------
  1. Legal Notice
  2. TimeQuest Timing Analyzer Summary
  3. Parallel Compilation
  4. Clocks
  5. Slow Model Fmax Summary
  6. Slow Model Setup Summary
  7. Slow Model Hold Summary
  8. Slow Model Recovery Summary
  9. Slow Model Removal Summary
 10. Slow Model Minimum Pulse Width Summary
 11. Propagation Delay
 12. Minimum Propagation Delay
 13. Fast Model Setup Summary
 14. Fast Model Hold Summary
 15. Fast Model Recovery Summary
 16. Fast Model Removal Summary
 17. Fast Model Minimum Pulse Width Summary
 18. Propagation Delay
 19. Minimum Propagation Delay
 20. Multicorner Timing Analysis Summary
 21. Progagation Delay
 22. Minimum Progagation Delay
 23. Clock Transfers
 24. Report TCCS
 25. Report RSKM
 26. Unconstrained Paths
 27. TimeQuest Timing Analyzer Messages



----------------
; Legal Notice ;
----------------
Copyright (C) 1991-2013 Altera Corporation
Your use of Altera Corporation's design tools, logic functions 
and other software and tools, and its AMPP partner logic 
functions, and any output files from any of the foregoing 
(including device programming or simulation files), and any 
associated documentation or information are expressly subject 
to the terms and conditions of the Altera Program License 
Subscription Agreement, Altera MegaCore Function License 
Agreement, or other applicable license agreement, including, 
without limitation, that your use is for the sole purpose of 
programming logic devices manufactured by Altera and sold by 
Altera or its authorized distributors.  Please refer to the 
applicable agreement for further details.



+----------------------------------------------------------------------------------------+
; TimeQuest Timing Analyzer Summary                                                      ;
+--------------------+-------------------------------------------------------------------+
; Quartus II Version ; Version 13.0.1 Build 232 06/12/2013 Service Pack 1 SJ Web Edition ;
; Revision Name      ; ALU                                                               ;
; Device Family      ; Cyclone II                                                        ;
; Device Name        ; EP2C5T144C8                                                       ;
; Timing Models      ; Final                                                             ;
; Delay Model        ; Combined                                                          ;
; Rise/Fall Delays   ; Unavailable                                                       ;
+--------------------+-------------------------------------------------------------------+


Parallel compilation was disabled, but you have multiple processors available. Enable parallel compilation to reduce compilation time.
+-------------------------------------+
; Parallel Compilation                ;
+----------------------------+--------+
; Processors                 ; Number ;
+----------------------------+--------+
; Number detected on machine ; 4      ;
; Maximum allowed            ; 1      ;
+----------------------------+--------+


----------
; Clocks ;
----------
No clocks to report.


---------------------------
; Slow Model Fmax Summary ;
---------------------------
No paths to report.


----------------------------
; Slow Model Setup Summary ;
----------------------------
No paths to report.


---------------------------
; Slow Model Hold Summary ;
---------------------------
No paths to report.


-------------------------------
; Slow Model Recovery Summary ;
-------------------------------
No paths to report.


------------------------------
; Slow Model Removal Summary ;
------------------------------
No paths to report.


------------------------------------------
; Slow Model Minimum Pulse Width Summary ;
------------------------------------------
No paths to report.


+-------------------------------------------------------------------+
; Propagation Delay                                                 ;
+-----------------+-------------+--------+--------+--------+--------+
; Input Port      ; Output Port ; RR     ; RF     ; FR     ; FF     ;
+-----------------+-------------+--------+--------+--------+--------+
; A[0]            ; c_out       ; 18.491 ; 18.491 ; 18.491 ; 18.491 ;
; A[0]            ; out[0]      ; 21.573 ; 21.573 ; 21.573 ; 21.573 ;
; A[0]            ; out[1]      ; 19.531 ; 19.531 ; 19.531 ; 19.531 ;
; A[0]            ; out[2]      ; 21.390 ; 21.390 ; 21.390 ; 21.390 ;
; A[0]            ; out[3]      ; 20.537 ; 20.537 ; 20.537 ; 20.537 ;
; A[0]            ; out[4]      ; 20.049 ; 20.049 ; 20.049 ; 20.049 ;
; A[0]            ; out[5]      ; 20.382 ; 20.382 ; 20.382 ; 20.382 ;
; A[0]            ; out[6]      ; 21.409 ; 21.409 ; 21.409 ; 21.409 ;
; A[0]            ; out[7]      ; 19.006 ; 19.006 ; 19.006 ; 19.006 ;
; A[1]            ; c_out       ; 18.732 ; 18.732 ; 18.732 ; 18.732 ;
; A[1]            ; out[1]      ; 19.380 ; 19.380 ; 19.380 ; 19.380 ;
; A[1]            ; out[2]      ; 21.631 ; 21.631 ; 21.631 ; 21.631 ;
; A[1]            ; out[3]      ; 20.778 ; 20.778 ; 20.778 ; 20.778 ;
; A[1]            ; out[4]      ; 20.290 ; 20.290 ; 20.290 ; 20.290 ;
; A[1]            ; out[5]      ; 20.623 ; 20.623 ; 20.623 ; 20.623 ;
; A[1]            ; out[6]      ; 21.650 ; 21.650 ; 21.650 ; 21.650 ;
; A[1]            ; out[7]      ; 19.040 ; 19.040 ; 19.040 ; 19.040 ;
; A[2]            ; c_out       ; 18.420 ; 18.420 ; 18.420 ; 18.420 ;
; A[2]            ; out[0]      ; 16.620 ;        ;        ; 16.620 ;
; A[2]            ; out[2]      ; 20.918 ; 20.918 ; 20.918 ; 20.918 ;
; A[2]            ; out[3]      ; 20.466 ; 20.466 ; 20.466 ; 20.466 ;
; A[2]            ; out[4]      ; 19.978 ; 19.978 ; 19.978 ; 19.978 ;
; A[2]            ; out[5]      ; 20.311 ; 20.311 ; 20.311 ; 20.311 ;
; A[2]            ; out[6]      ; 21.338 ; 21.338 ; 21.338 ; 21.338 ;
; A[2]            ; out[7]      ; 18.728 ; 18.728 ; 18.728 ; 18.728 ;
; A[3]            ; c_out       ; 17.444 ; 17.444 ; 17.444 ; 17.444 ;
; A[3]            ; out[1]      ; 16.303 ;        ;        ; 16.303 ;
; A[3]            ; out[3]      ; 19.098 ; 19.098 ; 19.098 ; 19.098 ;
; A[3]            ; out[4]      ; 19.002 ; 19.002 ; 19.002 ; 19.002 ;
; A[3]            ; out[5]      ; 19.335 ; 19.335 ; 19.335 ; 19.335 ;
; A[3]            ; out[6]      ; 20.362 ; 20.362 ; 20.362 ; 20.362 ;
; A[3]            ; out[7]      ; 18.344 ; 18.344 ; 18.344 ; 18.344 ;
; A[4]            ; c_out       ; 16.736 ; 17.167 ; 17.167 ; 16.736 ;
; A[4]            ; out[2]      ; 16.042 ;        ;        ; 16.042 ;
; A[4]            ; out[4]      ; 17.890 ; 17.890 ; 17.890 ; 17.890 ;
; A[4]            ; out[5]      ; 18.627 ; 18.627 ; 18.627 ; 18.627 ;
; A[4]            ; out[6]      ; 19.654 ; 19.654 ; 19.654 ; 19.654 ;
; A[4]            ; out[7]      ; 18.435 ; 18.435 ; 18.435 ; 18.435 ;
; A[5]            ; c_out       ; 15.907 ; 16.508 ; 16.508 ; 15.907 ;
; A[5]            ; out[3]      ; 14.781 ;        ;        ; 14.781 ;
; A[5]            ; out[5]      ; 17.406 ; 17.406 ; 17.406 ; 17.406 ;
; A[5]            ; out[6]      ; 18.825 ; 18.825 ; 18.825 ; 18.825 ;
; A[5]            ; out[7]      ; 17.776 ; 17.776 ; 17.776 ; 17.776 ;
; A[6]            ; c_out       ; 16.285 ; 16.285 ; 16.285 ; 16.285 ;
; A[6]            ; out[4]      ; 13.786 ;        ;        ; 13.786 ;
; A[6]            ; out[6]      ; 18.809 ; 18.809 ; 18.809 ; 18.809 ;
; A[6]            ; out[7]      ; 17.378 ; 17.378 ; 17.378 ; 17.378 ;
; A[7]            ; c_out       ; 16.609 ; 16.609 ; 16.609 ; 16.609 ;
; A[7]            ; out[5]      ; 15.247 ;        ;        ; 15.247 ;
; A[7]            ; out[7]      ; 16.799 ; 16.799 ; 16.799 ; 16.799 ;
; B[0]            ; c_out       ; 18.966 ; 18.966 ; 18.966 ; 18.966 ;
; B[0]            ; out[0]      ; 22.048 ; 22.048 ; 22.048 ; 22.048 ;
; B[0]            ; out[1]      ; 20.006 ; 20.006 ; 20.006 ; 20.006 ;
; B[0]            ; out[2]      ; 21.865 ; 21.865 ; 21.865 ; 21.865 ;
; B[0]            ; out[3]      ; 21.012 ; 21.012 ; 21.012 ; 21.012 ;
; B[0]            ; out[4]      ; 20.524 ; 20.524 ; 20.524 ; 20.524 ;
; B[0]            ; out[5]      ; 20.857 ; 20.857 ; 20.857 ; 20.857 ;
; B[0]            ; out[6]      ; 21.884 ; 21.884 ; 21.884 ; 21.884 ;
; B[0]            ; out[7]      ; 19.531 ; 19.531 ; 19.531 ; 19.531 ;
; B[1]            ; c_out       ; 18.004 ; 18.015 ; 18.015 ; 18.004 ;
; B[1]            ; out[1]      ; 18.653 ; 18.653 ; 18.653 ; 18.653 ;
; B[1]            ; out[2]      ; 20.903 ; 20.903 ; 20.903 ; 20.903 ;
; B[1]            ; out[3]      ; 20.050 ; 20.050 ; 20.050 ; 20.050 ;
; B[1]            ; out[4]      ; 19.562 ; 19.562 ; 19.562 ; 19.562 ;
; B[1]            ; out[5]      ; 19.895 ; 19.895 ; 19.895 ; 19.895 ;
; B[1]            ; out[6]      ; 20.922 ; 20.922 ; 20.922 ; 20.922 ;
; B[1]            ; out[7]      ; 19.268 ; 19.268 ; 19.268 ; 19.268 ;
; B[2]            ; c_out       ; 18.328 ; 18.328 ; 18.328 ; 18.328 ;
; B[2]            ; out[0]      ; 16.536 ;        ;        ; 16.536 ;
; B[2]            ; out[2]      ; 20.826 ; 20.826 ; 20.826 ; 20.826 ;
; B[2]            ; out[3]      ; 20.374 ; 20.374 ; 20.374 ; 20.374 ;
; B[2]            ; out[4]      ; 19.886 ; 19.886 ; 19.886 ; 19.886 ;
; B[2]            ; out[5]      ; 20.219 ; 20.219 ; 20.219 ; 20.219 ;
; B[2]            ; out[6]      ; 21.246 ; 21.246 ; 21.246 ; 21.246 ;
; B[2]            ; out[7]      ; 19.241 ; 19.241 ; 19.241 ; 19.241 ;
; B[3]            ; c_out       ; 18.922 ; 18.922 ; 18.922 ; 18.922 ;
; B[3]            ; out[1]      ; 17.778 ;        ;        ; 17.778 ;
; B[3]            ; out[3]      ; 20.576 ; 20.576 ; 20.576 ; 20.576 ;
; B[3]            ; out[4]      ; 20.480 ; 20.480 ; 20.480 ; 20.480 ;
; B[3]            ; out[5]      ; 20.813 ; 20.813 ; 20.813 ; 20.813 ;
; B[3]            ; out[6]      ; 21.840 ; 21.840 ; 21.840 ; 21.840 ;
; B[3]            ; out[7]      ; 19.747 ; 19.747 ; 19.747 ; 19.747 ;
; B[4]            ; c_out       ; 16.782 ; 17.053 ; 17.053 ; 16.782 ;
; B[4]            ; out[2]      ; 16.399 ;        ;        ; 16.399 ;
; B[4]            ; out[4]      ; 17.936 ; 17.936 ; 17.936 ; 17.936 ;
; B[4]            ; out[5]      ; 18.673 ; 18.673 ; 18.673 ; 18.673 ;
; B[4]            ; out[6]      ; 19.700 ; 19.700 ; 19.700 ; 19.700 ;
; B[4]            ; out[7]      ; 18.306 ; 18.306 ; 18.306 ; 18.306 ;
; B[5]            ; c_out       ; 16.497 ; 16.561 ; 16.561 ; 16.497 ;
; B[5]            ; out[3]      ; 14.939 ;        ;        ; 14.939 ;
; B[5]            ; out[5]      ; 17.997 ; 17.997 ; 17.997 ; 17.997 ;
; B[5]            ; out[6]      ; 19.415 ; 19.415 ; 19.415 ; 19.415 ;
; B[5]            ; out[7]      ; 17.814 ; 17.814 ; 17.814 ; 17.814 ;
; B[6]            ; c_out       ; 16.728 ; 16.728 ; 16.728 ; 16.728 ;
; B[6]            ; out[4]      ; 13.957 ;        ;        ; 13.957 ;
; B[6]            ; out[6]      ; 19.252 ; 19.252 ; 19.252 ; 19.252 ;
; B[6]            ; out[7]      ; 17.836 ; 17.836 ; 17.836 ; 17.836 ;
; B[7]            ; c_out       ; 16.714 ; 17.220 ; 17.220 ; 16.714 ;
; B[7]            ; out[5]      ; 15.347 ;        ;        ; 15.347 ;
; B[7]            ; out[7]      ; 18.047 ; 18.047 ; 18.047 ; 18.047 ;
; c_in            ; c_out       ; 17.255 ; 17.255 ; 17.255 ; 17.255 ;
; c_in            ; out[0]      ; 20.738 ; 20.738 ; 20.738 ; 20.738 ;
; c_in            ; out[1]      ; 18.295 ; 18.295 ; 18.295 ; 18.295 ;
; c_in            ; out[2]      ; 20.154 ; 20.154 ; 20.154 ; 20.154 ;
; c_in            ; out[3]      ; 19.301 ; 19.301 ; 19.301 ; 19.301 ;
; c_in            ; out[4]      ; 18.813 ; 18.813 ; 18.813 ; 18.813 ;
; c_in            ; out[5]      ; 19.146 ; 19.146 ; 19.146 ; 19.146 ;
; c_in            ; out[6]      ; 20.173 ; 20.173 ; 20.173 ; 20.173 ;
; c_in            ; out[7]      ; 17.563 ; 17.563 ; 17.563 ; 17.563 ;
; control_line[0] ; c_out       ; 18.635 ; 18.635 ; 18.635 ; 18.635 ;
; control_line[0] ; out[0]      ; 21.724 ; 21.724 ; 21.724 ; 21.724 ;
; control_line[0] ; out[1]      ; 19.675 ; 19.675 ; 19.675 ; 19.675 ;
; control_line[0] ; out[2]      ; 21.534 ; 21.534 ; 21.534 ; 21.534 ;
; control_line[0] ; out[3]      ; 20.681 ; 20.681 ; 20.681 ; 20.681 ;
; control_line[0] ; out[4]      ; 20.193 ; 20.193 ; 20.193 ; 20.193 ;
; control_line[0] ; out[5]      ; 20.526 ; 20.526 ; 20.526 ; 20.526 ;
; control_line[0] ; out[6]      ; 21.553 ; 21.553 ; 21.553 ; 21.553 ;
; control_line[0] ; out[7]      ; 18.943 ; 18.943 ; 18.943 ; 18.943 ;
; control_line[1] ; c_out       ; 18.438 ; 18.438 ; 18.438 ; 18.438 ;
; control_line[1] ; out[0]      ; 21.391 ; 21.391 ; 21.391 ; 21.391 ;
; control_line[1] ; out[1]      ; 19.512 ; 19.512 ; 19.512 ; 19.512 ;
; control_line[1] ; out[2]      ; 21.202 ; 21.202 ; 21.202 ; 21.202 ;
; control_line[1] ; out[3]      ; 20.484 ; 20.484 ; 20.484 ; 20.484 ;
; control_line[1] ; out[4]      ; 19.996 ; 19.996 ; 19.996 ; 19.996 ;
; control_line[1] ; out[5]      ; 20.329 ; 20.329 ; 20.329 ; 20.329 ;
; control_line[1] ; out[6]      ; 21.356 ; 21.356 ; 21.356 ; 21.356 ;
; control_line[1] ; out[7]      ; 19.255 ; 19.255 ; 19.255 ; 19.255 ;
; control_line[2] ; c_out       ; 15.459 ; 14.235 ; 14.235 ; 15.459 ;
; control_line[2] ; out[0]      ; 19.335 ; 19.335 ; 19.335 ; 19.335 ;
; control_line[2] ; out[1]      ; 19.078 ; 19.078 ; 19.078 ; 19.078 ;
; control_line[2] ; out[2]      ; 19.125 ; 19.125 ; 19.125 ; 19.125 ;
; control_line[2] ; out[3]      ; 19.862 ; 19.862 ; 19.862 ; 19.862 ;
; control_line[2] ; out[4]      ; 17.604 ; 17.604 ; 17.604 ; 17.604 ;
; control_line[2] ; out[5]      ; 18.830 ; 18.830 ; 18.830 ; 18.830 ;
; control_line[2] ; out[6]      ; 18.793 ; 18.793 ; 18.793 ; 18.793 ;
; control_line[2] ; out[7]      ; 18.821 ; 18.821 ; 18.821 ; 18.821 ;
; mode_select     ; c_out       ; 14.264 ;        ;        ; 14.264 ;
; mode_select     ; out[0]      ; 14.990 ; 14.990 ; 14.990 ; 14.990 ;
; mode_select     ; out[1]      ; 15.265 ; 15.265 ; 15.265 ; 15.265 ;
; mode_select     ; out[2]      ; 16.195 ; 16.195 ; 16.195 ; 16.195 ;
; mode_select     ; out[3]      ; 16.761 ; 16.761 ; 16.761 ; 16.761 ;
; mode_select     ; out[4]      ; 16.967 ; 16.967 ; 16.967 ; 16.967 ;
; mode_select     ; out[5]      ; 16.039 ; 16.039 ; 16.039 ; 16.039 ;
; mode_select     ; out[6]      ; 13.524 ; 13.524 ; 13.524 ; 13.524 ;
; mode_select     ; out[7]      ; 13.952 ; 13.952 ; 13.952 ; 13.952 ;
+-----------------+-------------+--------+--------+--------+--------+


+-------------------------------------------------------------------+
; Minimum Propagation Delay                                         ;
+-----------------+-------------+--------+--------+--------+--------+
; Input Port      ; Output Port ; RR     ; RF     ; FR     ; FF     ;
+-----------------+-------------+--------+--------+--------+--------+
; A[0]            ; c_out       ; 18.491 ; 17.738 ; 17.738 ; 18.491 ;
; A[0]            ; out[0]      ; 16.680 ; 16.680 ; 16.680 ; 16.680 ;
; A[0]            ; out[1]      ; 18.640 ; 18.640 ; 18.640 ; 18.640 ;
; A[0]            ; out[2]      ; 16.590 ; 16.590 ; 16.590 ; 16.590 ;
; A[0]            ; out[3]      ; 19.710 ; 19.710 ; 19.710 ; 19.710 ;
; A[0]            ; out[4]      ; 18.321 ; 18.321 ; 18.321 ; 18.321 ;
; A[0]            ; out[5]      ; 18.849 ; 18.849 ; 18.849 ; 18.849 ;
; A[0]            ; out[6]      ; 19.762 ; 19.762 ; 19.762 ; 19.762 ;
; A[0]            ; out[7]      ; 18.799 ; 18.799 ; 18.799 ; 18.799 ;
; A[1]            ; c_out       ; 18.732 ; 17.634 ; 17.634 ; 18.732 ;
; A[1]            ; out[1]      ; 16.472 ; 17.040 ; 17.040 ; 16.472 ;
; A[1]            ; out[2]      ; 19.019 ; 19.019 ; 19.019 ; 19.019 ;
; A[1]            ; out[3]      ; 15.993 ; 19.606 ; 19.606 ; 15.993 ;
; A[1]            ; out[4]      ; 18.217 ; 18.217 ; 18.217 ; 18.217 ;
; A[1]            ; out[5]      ; 18.745 ; 18.745 ; 18.745 ; 18.745 ;
; A[1]            ; out[6]      ; 19.658 ; 19.658 ; 19.658 ; 19.658 ;
; A[1]            ; out[7]      ; 18.902 ; 18.902 ; 18.902 ; 18.902 ;
; A[2]            ; c_out       ; 18.420 ; 17.417 ; 17.417 ; 18.420 ;
; A[2]            ; out[0]      ; 16.620 ;        ;        ; 16.620 ;
; A[2]            ; out[2]      ; 15.896 ; 16.275 ; 16.275 ; 15.896 ;
; A[2]            ; out[3]      ; 19.389 ; 19.389 ; 19.389 ; 19.389 ;
; A[2]            ; out[4]      ; 16.530 ; 16.530 ; 16.530 ; 16.530 ;
; A[2]            ; out[5]      ; 18.528 ; 18.528 ; 18.528 ; 18.528 ;
; A[2]            ; out[6]      ; 19.441 ; 19.441 ; 19.441 ; 19.441 ;
; A[2]            ; out[7]      ; 18.685 ; 18.685 ; 18.685 ; 18.685 ;
; A[3]            ; c_out       ; 17.444 ; 17.076 ; 17.076 ; 17.444 ;
; A[3]            ; out[1]      ; 16.303 ;        ;        ; 16.303 ;
; A[3]            ; out[3]      ; 15.549 ; 15.549 ; 15.549 ; 15.549 ;
; A[3]            ; out[4]      ; 17.659 ; 17.659 ; 17.659 ; 17.659 ;
; A[3]            ; out[5]      ; 14.135 ; 18.187 ; 18.187 ; 14.135 ;
; A[3]            ; out[6]      ; 19.100 ; 19.100 ; 19.100 ; 19.100 ;
; A[3]            ; out[7]      ; 17.752 ; 17.752 ; 17.752 ; 17.752 ;
; A[4]            ; c_out       ; 16.736 ; 16.736 ; 16.736 ; 16.736 ;
; A[4]            ; out[2]      ; 16.042 ;        ;        ; 16.042 ;
; A[4]            ; out[4]      ; 16.081 ; 16.081 ; 16.081 ; 16.081 ;
; A[4]            ; out[5]      ; 18.278 ; 18.278 ; 18.278 ; 18.278 ;
; A[4]            ; out[6]      ; 15.745 ; 19.191 ; 19.191 ; 15.745 ;
; A[4]            ; out[7]      ; 17.044 ; 17.044 ; 17.044 ; 17.044 ;
; A[5]            ; c_out       ; 15.907 ; 15.907 ; 15.907 ; 15.907 ;
; A[5]            ; out[3]      ; 14.781 ;        ;        ; 14.781 ;
; A[5]            ; out[5]      ; 14.803 ; 14.803 ; 14.803 ; 14.803 ;
; A[5]            ; out[6]      ; 18.532 ; 18.532 ; 18.532 ; 18.532 ;
; A[5]            ; out[7]      ; 14.311 ; 16.215 ; 16.215 ; 14.311 ;
; A[6]            ; c_out       ; 16.285 ; 16.110 ; 16.110 ; 16.285 ;
; A[6]            ; out[4]      ; 13.786 ;        ;        ; 13.786 ;
; A[6]            ; out[6]      ; 14.775 ; 14.775 ; 14.775 ; 14.775 ;
; A[6]            ; out[7]      ; 16.593 ; 16.593 ; 16.593 ; 16.593 ;
; A[7]            ; c_out       ; 16.609 ; 15.958 ; 15.958 ; 16.609 ;
; A[7]            ; out[5]      ; 15.247 ;        ;        ; 15.247 ;
; A[7]            ; out[7]      ; 14.349 ; 15.218 ; 15.218 ; 14.349 ;
; B[0]            ; c_out       ; 18.540 ; 18.278 ; 18.278 ; 18.540 ;
; B[0]            ; out[0]      ; 17.157 ; 17.157 ; 17.157 ; 17.157 ;
; B[0]            ; out[1]      ; 19.246 ; 19.246 ; 19.246 ; 19.246 ;
; B[0]            ; out[2]      ; 17.067 ; 17.067 ; 17.067 ; 17.067 ;
; B[0]            ; out[3]      ; 20.143 ; 20.143 ; 20.143 ; 20.143 ;
; B[0]            ; out[4]      ; 17.109 ; 17.109 ; 17.109 ; 17.109 ;
; B[0]            ; out[5]      ; 19.343 ; 19.343 ; 19.343 ; 19.343 ;
; B[0]            ; out[6]      ; 17.983 ; 17.983 ; 17.983 ; 17.983 ;
; B[0]            ; out[7]      ; 18.848 ; 18.848 ; 18.848 ; 18.848 ;
; B[1]            ; c_out       ; 17.929 ; 17.929 ; 17.929 ; 17.929 ;
; B[1]            ; out[1]      ; 15.675 ; 16.236 ; 16.236 ; 15.675 ;
; B[1]            ; out[2]      ; 17.850 ; 17.850 ; 17.850 ; 17.850 ;
; B[1]            ; out[3]      ; 15.196 ; 19.880 ; 19.880 ; 15.196 ;
; B[1]            ; out[4]      ; 16.846 ; 16.846 ; 16.846 ; 16.846 ;
; B[1]            ; out[5]      ; 19.080 ; 19.080 ; 19.080 ; 19.080 ;
; B[1]            ; out[6]      ; 17.720 ; 17.720 ; 17.720 ; 17.720 ;
; B[1]            ; out[7]      ; 18.237 ; 18.237 ; 18.237 ; 18.237 ;
; B[2]            ; c_out       ; 18.311 ; 17.988 ; 17.988 ; 18.311 ;
; B[2]            ; out[0]      ; 16.536 ;        ;        ; 16.536 ;
; B[2]            ; out[2]      ; 15.812 ; 16.181 ; 16.181 ; 15.812 ;
; B[2]            ; out[3]      ; 19.853 ; 19.853 ; 19.853 ; 19.853 ;
; B[2]            ; out[4]      ; 16.446 ; 16.446 ; 16.446 ; 16.446 ;
; B[2]            ; out[5]      ; 19.053 ; 19.053 ; 19.053 ; 19.053 ;
; B[2]            ; out[6]      ; 17.693 ; 17.693 ; 17.693 ; 17.693 ;
; B[2]            ; out[7]      ; 18.619 ; 18.619 ; 18.619 ; 18.619 ;
; B[3]            ; c_out       ; 17.562 ; 17.562 ; 17.562 ; 17.562 ;
; B[3]            ; out[1]      ; 17.778 ;        ;        ; 17.778 ;
; B[3]            ; out[3]      ; 17.036 ; 17.036 ; 17.036 ; 17.036 ;
; B[3]            ; out[4]      ; 17.325 ; 17.325 ; 17.325 ; 17.325 ;
; B[3]            ; out[5]      ; 15.610 ; 19.453 ; 19.453 ; 15.610 ;
; B[3]            ; out[6]      ; 18.199 ; 18.199 ; 18.199 ; 18.199 ;
; B[3]            ; out[7]      ; 17.870 ; 17.870 ; 17.870 ; 17.870 ;
; B[4]            ; c_out       ; 16.734 ; 16.734 ; 16.734 ; 16.734 ;
; B[4]            ; out[2]      ; 16.399 ;        ;        ; 16.399 ;
; B[4]            ; out[4]      ; 15.492 ; 15.492 ; 15.492 ; 15.492 ;
; B[4]            ; out[5]      ; 18.118 ; 18.118 ; 18.118 ; 18.118 ;
; B[4]            ; out[6]      ; 16.102 ; 16.758 ; 16.758 ; 16.102 ;
; B[4]            ; out[7]      ; 17.042 ; 17.042 ; 17.042 ; 17.042 ;
; B[5]            ; c_out       ; 16.063 ; 16.063 ; 16.063 ; 16.063 ;
; B[5]            ; out[3]      ; 14.939 ;        ;        ; 14.939 ;
; B[5]            ; out[5]      ; 14.962 ; 14.962 ; 14.962 ; 14.962 ;
; B[5]            ; out[6]      ; 16.266 ; 16.266 ; 16.266 ; 16.266 ;
; B[5]            ; out[7]      ; 14.469 ; 16.371 ; 16.371 ; 14.469 ;
; B[6]            ; c_out       ; 15.535 ; 15.535 ; 15.535 ; 15.535 ;
; B[6]            ; out[4]      ; 13.957 ;        ;        ; 13.957 ;
; B[6]            ; out[6]      ; 14.638 ; 14.638 ; 14.638 ; 14.638 ;
; B[6]            ; out[7]      ; 15.843 ; 15.843 ; 15.843 ; 15.843 ;
; B[7]            ; c_out       ; 16.230 ; 16.230 ; 16.230 ; 16.230 ;
; B[7]            ; out[5]      ; 15.347 ;        ;        ; 15.347 ;
; B[7]            ; out[7]      ; 14.449 ; 15.325 ; 15.325 ; 14.449 ;
; c_in            ; c_out       ; 17.255 ; 17.255 ; 17.255 ; 17.255 ;
; c_in            ; out[0]      ; 20.738 ; 20.738 ; 20.738 ; 20.738 ;
; c_in            ; out[1]      ; 18.295 ; 18.295 ; 18.295 ; 18.295 ;
; c_in            ; out[2]      ; 20.154 ; 20.154 ; 20.154 ; 20.154 ;
; c_in            ; out[3]      ; 19.301 ; 19.301 ; 19.301 ; 19.301 ;
; c_in            ; out[4]      ; 18.813 ; 18.813 ; 18.813 ; 18.813 ;
; c_in            ; out[5]      ; 19.146 ; 19.146 ; 19.146 ; 19.146 ;
; c_in            ; out[6]      ; 20.173 ; 20.173 ; 20.173 ; 20.173 ;
; c_in            ; out[7]      ; 17.563 ; 17.563 ; 17.563 ; 17.563 ;
; control_line[0] ; c_out       ; 15.225 ; 15.225 ; 15.225 ; 15.225 ;
; control_line[0] ; out[0]      ; 16.646 ; 16.646 ; 16.646 ; 16.646 ;
; control_line[0] ; out[1]      ; 15.814 ; 15.814 ; 15.814 ; 15.814 ;
; control_line[0] ; out[2]      ; 15.785 ; 15.785 ; 15.785 ; 15.785 ;
; control_line[0] ; out[3]      ; 15.335 ; 15.335 ; 15.335 ; 15.335 ;
; control_line[0] ; out[4]      ; 14.545 ; 14.545 ; 14.545 ; 14.545 ;
; control_line[0] ; out[5]      ; 14.615 ; 14.615 ; 14.615 ; 14.615 ;
; control_line[0] ; out[6]      ; 15.771 ; 15.771 ; 15.771 ; 15.771 ;
; control_line[0] ; out[7]      ; 15.650 ; 15.650 ; 15.650 ; 15.650 ;
; control_line[1] ; c_out       ; 15.228 ; 15.228 ; 15.228 ; 15.228 ;
; control_line[1] ; out[0]      ; 15.518 ; 16.491 ; 16.491 ; 15.518 ;
; control_line[1] ; out[1]      ; 14.943 ; 16.083 ; 16.083 ; 14.943 ;
; control_line[1] ; out[2]      ; 14.642 ; 14.642 ; 14.642 ; 14.642 ;
; control_line[1] ; out[3]      ; 15.985 ; 15.985 ; 15.985 ; 15.985 ;
; control_line[1] ; out[4]      ; 15.432 ; 15.432 ; 15.432 ; 15.432 ;
; control_line[1] ; out[5]      ; 15.519 ; 15.519 ; 15.519 ; 15.519 ;
; control_line[1] ; out[6]      ; 16.024 ; 15.281 ; 15.281 ; 16.024 ;
; control_line[1] ; out[7]      ; 16.038 ; 15.486 ; 15.486 ; 16.038 ;
; control_line[2] ; c_out       ; 15.459 ; 14.235 ; 14.235 ; 15.459 ;
; control_line[2] ; out[0]      ; 16.029 ; 16.029 ; 16.029 ; 16.029 ;
; control_line[2] ; out[1]      ; 15.782 ; 15.782 ; 15.782 ; 15.782 ;
; control_line[2] ; out[2]      ; 14.745 ; 14.745 ; 14.745 ; 14.745 ;
; control_line[2] ; out[3]      ; 15.440 ; 15.440 ; 15.440 ; 15.440 ;
; control_line[2] ; out[4]      ; 15.535 ; 15.535 ; 15.535 ; 15.535 ;
; control_line[2] ; out[5]      ; 14.717 ; 14.717 ; 14.717 ; 14.717 ;
; control_line[2] ; out[6]      ; 14.994 ; 14.994 ; 14.994 ; 14.994 ;
; control_line[2] ; out[7]      ; 14.974 ; 14.974 ; 14.974 ; 14.974 ;
; mode_select     ; c_out       ; 14.264 ;        ;        ; 14.264 ;
; mode_select     ; out[0]      ; 14.990 ; 14.990 ; 14.990 ; 14.990 ;
; mode_select     ; out[1]      ; 15.265 ; 15.265 ; 15.265 ; 15.265 ;
; mode_select     ; out[2]      ; 15.162 ; 15.162 ; 15.162 ; 15.162 ;
; mode_select     ; out[3]      ; 15.740 ; 15.740 ; 15.740 ; 15.740 ;
; mode_select     ; out[4]      ; 15.952 ; 15.952 ; 15.952 ; 15.952 ;
; mode_select     ; out[5]      ; 15.017 ; 15.017 ; 15.017 ; 15.017 ;
; mode_select     ; out[6]      ; 13.524 ; 13.524 ; 13.524 ; 13.524 ;
; mode_select     ; out[7]      ; 13.952 ; 13.952 ; 13.952 ; 13.952 ;
+-----------------+-------------+--------+--------+--------+--------+


----------------------------
; Fast Model Setup Summary ;
----------------------------
No paths to report.


---------------------------
; Fast Model Hold Summary ;
---------------------------
No paths to report.


-------------------------------
; Fast Model Recovery Summary ;
-------------------------------
No paths to report.


------------------------------
; Fast Model Removal Summary ;
------------------------------
No paths to report.


------------------------------------------
; Fast Model Minimum Pulse Width Summary ;
------------------------------------------
No paths to report.


+---------------------------------------------------------------+
; Propagation Delay                                             ;
+-----------------+-------------+-------+-------+-------+-------+
; Input Port      ; Output Port ; RR    ; RF    ; FR    ; FF    ;
+-----------------+-------------+-------+-------+-------+-------+
; A[0]            ; c_out       ; 7.699 ; 7.699 ; 7.699 ; 7.699 ;
; A[0]            ; out[0]      ; 8.516 ; 8.516 ; 8.516 ; 8.516 ;
; A[0]            ; out[1]      ; 7.909 ; 7.909 ; 7.909 ; 7.909 ;
; A[0]            ; out[2]      ; 8.455 ; 8.455 ; 8.455 ; 8.455 ;
; A[0]            ; out[3]      ; 8.205 ; 8.205 ; 8.205 ; 8.205 ;
; A[0]            ; out[4]      ; 8.107 ; 8.107 ; 8.107 ; 8.107 ;
; A[0]            ; out[5]      ; 8.210 ; 8.210 ; 8.210 ; 8.210 ;
; A[0]            ; out[6]      ; 8.516 ; 8.516 ; 8.516 ; 8.516 ;
; A[0]            ; out[7]      ; 7.832 ; 7.832 ; 7.832 ; 7.832 ;
; A[1]            ; c_out       ; 7.716 ; 7.716 ; 7.716 ; 7.716 ;
; A[1]            ; out[1]      ; 7.823 ; 7.823 ; 7.823 ; 7.823 ;
; A[1]            ; out[2]      ; 8.472 ; 8.472 ; 8.472 ; 8.472 ;
; A[1]            ; out[3]      ; 8.222 ; 8.222 ; 8.222 ; 8.222 ;
; A[1]            ; out[4]      ; 8.124 ; 8.124 ; 8.124 ; 8.124 ;
; A[1]            ; out[5]      ; 8.227 ; 8.227 ; 8.227 ; 8.227 ;
; A[1]            ; out[6]      ; 8.533 ; 8.533 ; 8.533 ; 8.533 ;
; A[1]            ; out[7]      ; 7.800 ; 7.800 ; 7.800 ; 7.800 ;
; A[2]            ; c_out       ; 7.639 ; 7.639 ; 7.639 ; 7.639 ;
; A[2]            ; out[0]      ; 6.997 ;       ;       ; 6.997 ;
; A[2]            ; out[2]      ; 8.292 ; 8.292 ; 8.292 ; 8.292 ;
; A[2]            ; out[3]      ; 8.145 ; 8.145 ; 8.145 ; 8.145 ;
; A[2]            ; out[4]      ; 8.047 ; 8.047 ; 8.047 ; 8.047 ;
; A[2]            ; out[5]      ; 8.150 ; 8.150 ; 8.150 ; 8.150 ;
; A[2]            ; out[6]      ; 8.456 ; 8.456 ; 8.456 ; 8.456 ;
; A[2]            ; out[7]      ; 7.723 ; 7.723 ; 7.723 ; 7.723 ;
; A[3]            ; c_out       ; 7.276 ; 7.276 ; 7.276 ; 7.276 ;
; A[3]            ; out[1]      ; 6.857 ;       ;       ; 6.857 ;
; A[3]            ; out[3]      ; 7.679 ; 7.679 ; 7.679 ; 7.679 ;
; A[3]            ; out[4]      ; 7.684 ; 7.684 ; 7.684 ; 7.684 ;
; A[3]            ; out[5]      ; 7.787 ; 7.787 ; 7.787 ; 7.787 ;
; A[3]            ; out[6]      ; 8.093 ; 8.093 ; 8.093 ; 8.093 ;
; A[3]            ; out[7]      ; 7.525 ; 7.525 ; 7.525 ; 7.525 ;
; A[4]            ; c_out       ; 7.082 ; 7.194 ; 7.194 ; 7.082 ;
; A[4]            ; out[2]      ; 6.842 ;       ;       ; 6.842 ;
; A[4]            ; out[4]      ; 7.390 ; 7.390 ; 7.390 ; 7.390 ;
; A[4]            ; out[5]      ; 7.593 ; 7.593 ; 7.593 ; 7.593 ;
; A[4]            ; out[6]      ; 7.899 ; 7.899 ; 7.899 ; 7.899 ;
; A[4]            ; out[7]      ; 7.567 ; 7.567 ; 7.567 ; 7.567 ;
; A[5]            ; c_out       ; 6.745 ; 6.938 ; 6.938 ; 6.745 ;
; A[5]            ; out[3]      ; 6.396 ;       ;       ; 6.396 ;
; A[5]            ; out[5]      ; 7.153 ; 7.153 ; 7.153 ; 7.153 ;
; A[5]            ; out[6]      ; 7.562 ; 7.562 ; 7.562 ; 7.562 ;
; A[5]            ; out[7]      ; 7.311 ; 7.311 ; 7.311 ; 7.311 ;
; A[6]            ; c_out       ; 6.822 ; 6.823 ; 6.823 ; 6.822 ;
; A[6]            ; out[4]      ; 6.096 ;       ;       ; 6.096 ;
; A[6]            ; out[6]      ; 7.534 ; 7.534 ; 7.534 ; 7.534 ;
; A[6]            ; out[7]      ; 7.196 ; 7.196 ; 7.196 ; 7.196 ;
; A[7]            ; c_out       ; 6.925 ; 6.925 ; 6.925 ; 6.925 ;
; A[7]            ; out[5]      ; 6.538 ;       ;       ; 6.538 ;
; A[7]            ; out[7]      ; 7.042 ; 7.042 ; 7.042 ; 7.042 ;
; B[0]            ; c_out       ; 7.825 ; 7.825 ; 7.825 ; 7.825 ;
; B[0]            ; out[0]      ; 8.642 ; 8.642 ; 8.642 ; 8.642 ;
; B[0]            ; out[1]      ; 8.035 ; 8.035 ; 8.035 ; 8.035 ;
; B[0]            ; out[2]      ; 8.581 ; 8.581 ; 8.581 ; 8.581 ;
; B[0]            ; out[3]      ; 8.331 ; 8.331 ; 8.331 ; 8.331 ;
; B[0]            ; out[4]      ; 8.233 ; 8.233 ; 8.233 ; 8.233 ;
; B[0]            ; out[5]      ; 8.336 ; 8.336 ; 8.336 ; 8.336 ;
; B[0]            ; out[6]      ; 8.642 ; 8.642 ; 8.642 ; 8.642 ;
; B[0]            ; out[7]      ; 8.000 ; 8.000 ; 8.000 ; 8.000 ;
; B[1]            ; c_out       ; 7.522 ; 7.522 ; 7.522 ; 7.522 ;
; B[1]            ; out[1]      ; 7.627 ; 7.627 ; 7.627 ; 7.627 ;
; B[1]            ; out[2]      ; 8.278 ; 8.278 ; 8.278 ; 8.278 ;
; B[1]            ; out[3]      ; 8.028 ; 8.028 ; 8.028 ; 8.028 ;
; B[1]            ; out[4]      ; 7.930 ; 7.930 ; 7.930 ; 7.930 ;
; B[1]            ; out[5]      ; 8.033 ; 8.033 ; 8.033 ; 8.033 ;
; B[1]            ; out[6]      ; 8.339 ; 8.339 ; 8.339 ; 8.339 ;
; B[1]            ; out[7]      ; 7.875 ; 7.875 ; 7.875 ; 7.875 ;
; B[2]            ; c_out       ; 7.619 ; 7.619 ; 7.619 ; 7.619 ;
; B[2]            ; out[0]      ; 6.989 ;       ;       ; 6.989 ;
; B[2]            ; out[2]      ; 8.272 ; 8.272 ; 8.272 ; 8.272 ;
; B[2]            ; out[3]      ; 8.125 ; 8.125 ; 8.125 ; 8.125 ;
; B[2]            ; out[4]      ; 8.027 ; 8.027 ; 8.027 ; 8.027 ;
; B[2]            ; out[5]      ; 8.130 ; 8.130 ; 8.130 ; 8.130 ;
; B[2]            ; out[6]      ; 8.436 ; 8.436 ; 8.436 ; 8.436 ;
; B[2]            ; out[7]      ; 7.848 ; 7.848 ; 7.848 ; 7.848 ;
; B[3]            ; c_out       ; 7.740 ; 7.740 ; 7.740 ; 7.740 ;
; B[3]            ; out[1]      ; 7.318 ;       ;       ; 7.318 ;
; B[3]            ; out[3]      ; 8.143 ; 8.143 ; 8.143 ; 8.143 ;
; B[3]            ; out[4]      ; 8.148 ; 8.148 ; 8.148 ; 8.148 ;
; B[3]            ; out[5]      ; 8.251 ; 8.251 ; 8.251 ; 8.251 ;
; B[3]            ; out[6]      ; 8.557 ; 8.557 ; 8.557 ; 8.557 ;
; B[3]            ; out[7]      ; 7.966 ; 7.966 ; 7.966 ; 7.966 ;
; B[4]            ; c_out       ; 7.054 ; 7.088 ; 7.088 ; 7.054 ;
; B[4]            ; out[2]      ; 6.896 ;       ;       ; 6.896 ;
; B[4]            ; out[4]      ; 7.362 ; 7.362 ; 7.362 ; 7.362 ;
; B[4]            ; out[5]      ; 7.565 ; 7.565 ; 7.565 ; 7.565 ;
; B[4]            ; out[6]      ; 7.871 ; 7.871 ; 7.871 ; 7.871 ;
; B[4]            ; out[7]      ; 7.490 ; 7.490 ; 7.490 ; 7.490 ;
; B[5]            ; c_out       ; 6.876 ; 6.916 ; 6.916 ; 6.876 ;
; B[5]            ; out[3]      ; 6.437 ;       ;       ; 6.437 ;
; B[5]            ; out[5]      ; 7.282 ; 7.282 ; 7.282 ; 7.282 ;
; B[5]            ; out[6]      ; 7.693 ; 7.693 ; 7.693 ; 7.693 ;
; B[5]            ; out[7]      ; 7.318 ; 7.318 ; 7.318 ; 7.318 ;
; B[6]            ; c_out       ; 6.949 ; 6.949 ; 6.949 ; 6.949 ;
; B[6]            ; out[4]      ; 6.152 ;       ;       ; 6.152 ;
; B[6]            ; out[6]      ; 7.661 ; 7.661 ; 7.661 ; 7.661 ;
; B[6]            ; out[7]      ; 7.336 ; 7.336 ; 7.336 ; 7.336 ;
; B[7]            ; c_out       ; 6.934 ; 7.107 ; 7.107 ; 6.934 ;
; B[7]            ; out[5]      ; 6.545 ;       ;       ; 6.545 ;
; B[7]            ; out[7]      ; 7.404 ; 7.404 ; 7.404 ; 7.404 ;
; c_in            ; c_out       ; 7.191 ; 7.191 ; 7.191 ; 7.191 ;
; c_in            ; out[0]      ; 8.111 ; 8.111 ; 8.111 ; 8.111 ;
; c_in            ; out[1]      ; 7.401 ; 7.401 ; 7.401 ; 7.401 ;
; c_in            ; out[2]      ; 7.947 ; 7.947 ; 7.947 ; 7.947 ;
; c_in            ; out[3]      ; 7.697 ; 7.697 ; 7.697 ; 7.697 ;
; c_in            ; out[4]      ; 7.599 ; 7.599 ; 7.599 ; 7.599 ;
; c_in            ; out[5]      ; 7.702 ; 7.702 ; 7.702 ; 7.702 ;
; c_in            ; out[6]      ; 8.008 ; 8.008 ; 8.008 ; 8.008 ;
; c_in            ; out[7]      ; 7.275 ; 7.275 ; 7.275 ; 7.275 ;
; control_line[0] ; c_out       ; 7.659 ; 7.659 ; 7.659 ; 7.659 ;
; control_line[0] ; out[0]      ; 8.474 ; 8.474 ; 8.474 ; 8.474 ;
; control_line[0] ; out[1]      ; 7.869 ; 7.869 ; 7.869 ; 7.869 ;
; control_line[0] ; out[2]      ; 8.415 ; 8.415 ; 8.415 ; 8.415 ;
; control_line[0] ; out[3]      ; 8.165 ; 8.165 ; 8.165 ; 8.165 ;
; control_line[0] ; out[4]      ; 8.067 ; 8.067 ; 8.067 ; 8.067 ;
; control_line[0] ; out[5]      ; 8.170 ; 8.170 ; 8.170 ; 8.170 ;
; control_line[0] ; out[6]      ; 8.476 ; 8.476 ; 8.476 ; 8.476 ;
; control_line[0] ; out[7]      ; 7.743 ; 7.743 ; 7.743 ; 7.743 ;
; control_line[1] ; c_out       ; 7.616 ; 7.616 ; 7.616 ; 7.616 ;
; control_line[1] ; out[0]      ; 8.411 ; 8.411 ; 8.411 ; 8.411 ;
; control_line[1] ; out[1]      ; 7.888 ; 7.888 ; 7.888 ; 7.888 ;
; control_line[1] ; out[2]      ; 8.352 ; 8.352 ; 8.352 ; 8.352 ;
; control_line[1] ; out[3]      ; 8.122 ; 8.122 ; 8.122 ; 8.122 ;
; control_line[1] ; out[4]      ; 8.024 ; 8.024 ; 8.024 ; 8.024 ;
; control_line[1] ; out[5]      ; 8.127 ; 8.127 ; 8.127 ; 8.127 ;
; control_line[1] ; out[6]      ; 8.433 ; 8.433 ; 8.433 ; 8.433 ;
; control_line[1] ; out[7]      ; 7.862 ; 7.862 ; 7.862 ; 7.862 ;
; control_line[2] ; c_out       ; 6.742 ; 6.336 ; 6.336 ; 6.742 ;
; control_line[2] ; out[0]      ; 7.883 ; 7.883 ; 7.883 ; 7.883 ;
; control_line[2] ; out[1]      ; 7.788 ; 7.788 ; 7.788 ; 7.788 ;
; control_line[2] ; out[2]      ; 7.771 ; 7.771 ; 7.771 ; 7.771 ;
; control_line[2] ; out[3]      ; 7.991 ; 7.991 ; 7.991 ; 7.991 ;
; control_line[2] ; out[4]      ; 7.344 ; 7.344 ; 7.344 ; 7.344 ;
; control_line[2] ; out[5]      ; 7.680 ; 7.680 ; 7.680 ; 7.680 ;
; control_line[2] ; out[6]      ; 7.680 ; 7.680 ; 7.680 ; 7.680 ;
; control_line[2] ; out[7]      ; 7.762 ; 7.762 ; 7.762 ; 7.762 ;
; mode_select     ; c_out       ; 6.342 ;       ;       ; 6.342 ;
; mode_select     ; out[0]      ; 6.553 ; 6.553 ; 6.553 ; 6.553 ;
; mode_select     ; out[1]      ; 6.627 ; 6.627 ; 6.627 ; 6.627 ;
; mode_select     ; out[2]      ; 6.905 ; 6.905 ; 6.905 ; 6.905 ;
; mode_select     ; out[3]      ; 7.086 ; 7.086 ; 7.086 ; 7.086 ;
; mode_select     ; out[4]      ; 7.152 ; 7.152 ; 7.152 ; 7.152 ;
; mode_select     ; out[5]      ; 6.861 ; 6.861 ; 6.861 ; 6.861 ;
; mode_select     ; out[6]      ; 6.082 ; 6.082 ; 6.082 ; 6.082 ;
; mode_select     ; out[7]      ; 6.209 ; 6.209 ; 6.209 ; 6.209 ;
+-----------------+-------------+-------+-------+-------+-------+


+---------------------------------------------------------------+
; Minimum Propagation Delay                                     ;
+-----------------+-------------+-------+-------+-------+-------+
; Input Port      ; Output Port ; RR    ; RF    ; FR    ; FF    ;
+-----------------+-------------+-------+-------+-------+-------+
; A[0]            ; c_out       ; 7.699 ; 7.459 ; 7.459 ; 7.699 ;
; A[0]            ; out[0]      ; 7.062 ; 7.062 ; 7.062 ; 7.062 ;
; A[0]            ; out[1]      ; 7.584 ; 7.584 ; 7.584 ; 7.584 ;
; A[0]            ; out[2]      ; 7.002 ; 7.002 ; 7.002 ; 7.002 ;
; A[0]            ; out[3]      ; 7.921 ; 7.921 ; 7.921 ; 7.921 ;
; A[0]            ; out[4]      ; 7.562 ; 7.562 ; 7.562 ; 7.562 ;
; A[0]            ; out[5]      ; 7.678 ; 7.678 ; 7.678 ; 7.678 ;
; A[0]            ; out[6]      ; 7.976 ; 7.976 ; 7.976 ; 7.976 ;
; A[0]            ; out[7]      ; 7.783 ; 7.783 ; 7.783 ; 7.783 ;
; A[1]            ; c_out       ; 7.716 ; 7.393 ; 7.393 ; 7.716 ;
; A[1]            ; out[1]      ; 6.969 ; 7.117 ; 7.117 ; 6.969 ;
; A[1]            ; out[2]      ; 7.688 ; 7.688 ; 7.688 ; 7.688 ;
; A[1]            ; out[3]      ; 6.813 ; 7.855 ; 7.855 ; 6.813 ;
; A[1]            ; out[4]      ; 7.496 ; 7.496 ; 7.496 ; 7.496 ;
; A[1]            ; out[5]      ; 7.612 ; 7.612 ; 7.612 ; 7.612 ;
; A[1]            ; out[6]      ; 7.910 ; 7.910 ; 7.910 ; 7.910 ;
; A[1]            ; out[7]      ; 7.766 ; 7.766 ; 7.766 ; 7.766 ;
; A[2]            ; c_out       ; 7.639 ; 7.306 ; 7.306 ; 7.639 ;
; A[2]            ; out[0]      ; 6.997 ;       ;       ; 6.997 ;
; A[2]            ; out[2]      ; 6.770 ; 6.878 ; 6.878 ; 6.770 ;
; A[2]            ; out[3]      ; 7.768 ; 7.768 ; 7.768 ; 7.768 ;
; A[2]            ; out[4]      ; 6.979 ; 6.979 ; 6.979 ; 6.979 ;
; A[2]            ; out[5]      ; 7.525 ; 7.525 ; 7.525 ; 7.525 ;
; A[2]            ; out[6]      ; 7.823 ; 7.823 ; 7.823 ; 7.823 ;
; A[2]            ; out[7]      ; 7.679 ; 7.679 ; 7.679 ; 7.679 ;
; A[3]            ; c_out       ; 7.276 ; 7.152 ; 7.152 ; 7.276 ;
; A[3]            ; out[1]      ; 6.857 ;       ;       ; 6.857 ;
; A[3]            ; out[3]      ; 6.634 ; 6.634 ; 6.634 ; 6.634 ;
; A[3]            ; out[4]      ; 7.255 ; 7.255 ; 7.255 ; 7.255 ;
; A[3]            ; out[5]      ; 6.220 ; 7.371 ; 7.371 ; 6.220 ;
; A[3]            ; out[6]      ; 7.669 ; 7.669 ; 7.669 ; 7.669 ;
; A[3]            ; out[7]      ; 7.360 ; 7.360 ; 7.360 ; 7.360 ;
; A[4]            ; c_out       ; 7.082 ; 7.082 ; 7.082 ; 7.082 ;
; A[4]            ; out[2]      ; 6.842 ;       ;       ; 6.842 ;
; A[4]            ; out[4]      ; 6.848 ; 6.848 ; 6.848 ; 6.848 ;
; A[4]            ; out[5]      ; 7.413 ; 7.413 ; 7.413 ; 7.413 ;
; A[4]            ; out[6]      ; 6.737 ; 7.711 ; 7.711 ; 6.737 ;
; A[4]            ; out[7]      ; 7.166 ; 7.166 ; 7.166 ; 7.166 ;
; A[5]            ; c_out       ; 6.745 ; 6.745 ; 6.745 ; 6.745 ;
; A[5]            ; out[3]      ; 6.396 ;       ;       ; 6.396 ;
; A[5]            ; out[5]      ; 6.373 ; 6.373 ; 6.373 ; 6.373 ;
; A[5]            ; out[6]      ; 7.455 ; 7.455 ; 7.455 ; 7.455 ;
; A[5]            ; out[7]      ; 6.244 ; 6.829 ; 6.829 ; 6.244 ;
; A[6]            ; c_out       ; 6.822 ; 6.822 ; 6.822 ; 6.822 ;
; A[6]            ; out[4]      ; 6.096 ;       ;       ; 6.096 ;
; A[6]            ; out[6]      ; 6.366 ; 6.366 ; 6.366 ; 6.366 ;
; A[6]            ; out[7]      ; 6.906 ; 6.906 ; 6.906 ; 6.906 ;
; A[7]            ; c_out       ; 6.925 ; 6.772 ; 6.772 ; 6.925 ;
; A[7]            ; out[5]      ; 6.538 ;       ;       ; 6.538 ;
; A[7]            ; out[7]      ; 6.299 ; 6.534 ; 6.534 ; 6.299 ;
; B[0]            ; c_out       ; 7.706 ; 7.598 ; 7.598 ; 7.706 ;
; B[0]            ; out[0]      ; 7.190 ; 7.190 ; 7.190 ; 7.190 ;
; B[0]            ; out[1]      ; 7.800 ; 7.800 ; 7.800 ; 7.800 ;
; B[0]            ; out[2]      ; 7.129 ; 7.129 ; 7.129 ; 7.129 ;
; B[0]            ; out[3]      ; 8.072 ; 8.072 ; 8.072 ; 8.072 ;
; B[0]            ; out[4]      ; 7.199 ; 7.199 ; 7.199 ; 7.199 ;
; B[0]            ; out[5]      ; 7.830 ; 7.830 ; 7.830 ; 7.830 ;
; B[0]            ; out[6]      ; 7.473 ; 7.473 ; 7.473 ; 7.473 ;
; B[0]            ; out[7]      ; 7.790 ; 7.790 ; 7.790 ; 7.790 ;
; B[1]            ; c_out       ; 7.495 ; 7.473 ; 7.473 ; 7.495 ;
; B[1]            ; out[1]      ; 6.747 ; 6.898 ; 6.898 ; 6.747 ;
; B[1]            ; out[2]      ; 7.357 ; 7.357 ; 7.357 ; 7.357 ;
; B[1]            ; out[3]      ; 6.591 ; 7.947 ; 7.947 ; 6.591 ;
; B[1]            ; out[4]      ; 7.074 ; 7.074 ; 7.074 ; 7.074 ;
; B[1]            ; out[5]      ; 7.705 ; 7.705 ; 7.705 ; 7.705 ;
; B[1]            ; out[6]      ; 7.348 ; 7.348 ; 7.348 ; 7.348 ;
; B[1]            ; out[7]      ; 7.579 ; 7.579 ; 7.579 ; 7.579 ;
; B[2]            ; c_out       ; 7.598 ; 7.446 ; 7.446 ; 7.598 ;
; B[2]            ; out[0]      ; 6.989 ;       ;       ; 6.989 ;
; B[2]            ; out[2]      ; 6.762 ; 6.864 ; 6.864 ; 6.762 ;
; B[2]            ; out[3]      ; 7.920 ; 7.920 ; 7.920 ; 7.920 ;
; B[2]            ; out[4]      ; 6.971 ; 6.971 ; 6.971 ; 6.971 ;
; B[2]            ; out[5]      ; 7.678 ; 7.678 ; 7.678 ; 7.678 ;
; B[2]            ; out[6]      ; 7.321 ; 7.321 ; 7.321 ; 7.321 ;
; B[2]            ; out[7]      ; 7.682 ; 7.682 ; 7.682 ; 7.682 ;
; B[3]            ; c_out       ; 7.291 ; 7.291 ; 7.291 ; 7.291 ;
; B[3]            ; out[1]      ; 7.318 ;       ;       ; 7.318 ;
; B[3]            ; out[3]      ; 7.104 ; 7.104 ; 7.104 ; 7.104 ;
; B[3]            ; out[4]      ; 7.165 ; 7.165 ; 7.165 ; 7.165 ;
; B[3]            ; out[5]      ; 6.681 ; 7.796 ; 7.796 ; 6.681 ;
; B[3]            ; out[6]      ; 7.439 ; 7.439 ; 7.439 ; 7.439 ;
; B[3]            ; out[7]      ; 7.375 ; 7.375 ; 7.375 ; 7.375 ;
; B[4]            ; c_out       ; 7.042 ; 7.042 ; 7.042 ; 7.042 ;
; B[4]            ; out[2]      ; 6.896 ;       ;       ; 6.896 ;
; B[4]            ; out[4]      ; 6.586 ; 6.586 ; 6.586 ; 6.586 ;
; B[4]            ; out[5]      ; 7.320 ; 7.320 ; 7.320 ; 7.320 ;
; B[4]            ; out[6]      ; 6.791 ; 6.963 ; 6.963 ; 6.791 ;
; B[4]            ; out[7]      ; 7.126 ; 7.126 ; 7.126 ; 7.126 ;
; B[5]            ; c_out       ; 6.783 ; 6.783 ; 6.783 ; 6.783 ;
; B[5]            ; out[3]      ; 6.437 ;       ;       ; 6.437 ;
; B[5]            ; out[5]      ; 6.408 ; 6.408 ; 6.408 ; 6.408 ;
; B[5]            ; out[6]      ; 6.791 ; 6.791 ; 6.791 ; 6.791 ;
; B[5]            ; out[7]      ; 6.285 ; 6.867 ; 6.867 ; 6.285 ;
; B[6]            ; c_out       ; 6.605 ; 6.605 ; 6.605 ; 6.605 ;
; B[6]            ; out[4]      ; 6.152 ;       ;       ; 6.152 ;
; B[6]            ; out[6]      ; 6.334 ; 6.334 ; 6.334 ; 6.334 ;
; B[6]            ; out[7]      ; 6.689 ; 6.689 ; 6.689 ; 6.689 ;
; B[7]            ; c_out       ; 6.812 ; 6.812 ; 6.812 ; 6.812 ;
; B[7]            ; out[5]      ; 6.545 ;       ;       ; 6.545 ;
; B[7]            ; out[7]      ; 6.306 ; 6.542 ; 6.542 ; 6.306 ;
; c_in            ; c_out       ; 7.191 ; 7.191 ; 7.191 ; 7.191 ;
; c_in            ; out[0]      ; 8.111 ; 8.111 ; 8.111 ; 8.111 ;
; c_in            ; out[1]      ; 7.401 ; 7.401 ; 7.401 ; 7.401 ;
; c_in            ; out[2]      ; 7.947 ; 7.947 ; 7.947 ; 7.947 ;
; c_in            ; out[3]      ; 7.697 ; 7.697 ; 7.697 ; 7.697 ;
; c_in            ; out[4]      ; 7.599 ; 7.599 ; 7.599 ; 7.599 ;
; c_in            ; out[5]      ; 7.702 ; 7.702 ; 7.702 ; 7.702 ;
; c_in            ; out[6]      ; 8.008 ; 8.008 ; 8.008 ; 8.008 ;
; c_in            ; out[7]      ; 7.275 ; 7.275 ; 7.275 ; 7.275 ;
; control_line[0] ; c_out       ; 6.590 ; 6.590 ; 6.590 ; 6.590 ;
; control_line[0] ; out[0]      ; 6.982 ; 6.982 ; 6.982 ; 6.982 ;
; control_line[0] ; out[1]      ; 6.733 ; 6.733 ; 6.733 ; 6.733 ;
; control_line[0] ; out[2]      ; 6.715 ; 6.715 ; 6.715 ; 6.715 ;
; control_line[0] ; out[3]      ; 6.577 ; 6.577 ; 6.577 ; 6.577 ;
; control_line[0] ; out[4]      ; 6.329 ; 6.329 ; 6.329 ; 6.329 ;
; control_line[0] ; out[5]      ; 6.349 ; 6.349 ; 6.349 ; 6.349 ;
; control_line[0] ; out[6]      ; 6.689 ; 6.689 ; 6.689 ; 6.689 ;
; control_line[0] ; out[7]      ; 6.711 ; 6.711 ; 6.711 ; 6.711 ;
; control_line[1] ; c_out       ; 6.576 ; 6.576 ; 6.576 ; 6.576 ;
; control_line[1] ; out[0]      ; 6.664 ; 6.946 ; 6.946 ; 6.664 ;
; control_line[1] ; out[1]      ; 6.473 ; 6.794 ; 6.794 ; 6.473 ;
; control_line[1] ; out[2]      ; 6.393 ; 6.393 ; 6.393 ; 6.393 ;
; control_line[1] ; out[3]      ; 6.761 ; 6.761 ; 6.761 ; 6.761 ;
; control_line[1] ; out[4]      ; 6.649 ; 6.649 ; 6.649 ; 6.649 ;
; control_line[1] ; out[5]      ; 6.682 ; 6.682 ; 6.682 ; 6.682 ;
; control_line[1] ; out[6]      ; 6.822 ; 6.606 ; 6.606 ; 6.822 ;
; control_line[1] ; out[7]      ; 6.852 ; 6.673 ; 6.673 ; 6.852 ;
; control_line[2] ; c_out       ; 6.742 ; 6.336 ; 6.336 ; 6.742 ;
; control_line[2] ; out[0]      ; 6.836 ; 6.836 ; 6.836 ; 6.836 ;
; control_line[2] ; out[1]      ; 6.765 ; 6.765 ; 6.765 ; 6.765 ;
; control_line[2] ; out[2]      ; 6.453 ; 6.453 ; 6.453 ; 6.453 ;
; control_line[2] ; out[3]      ; 6.671 ; 6.671 ; 6.671 ; 6.671 ;
; control_line[2] ; out[4]      ; 6.709 ; 6.709 ; 6.709 ; 6.709 ;
; control_line[2] ; out[5]      ; 6.445 ; 6.445 ; 6.445 ; 6.445 ;
; control_line[2] ; out[6]      ; 6.517 ; 6.517 ; 6.517 ; 6.517 ;
; control_line[2] ; out[7]      ; 6.547 ; 6.547 ; 6.547 ; 6.547 ;
; mode_select     ; c_out       ; 6.342 ;       ;       ; 6.342 ;
; mode_select     ; out[0]      ; 6.553 ; 6.553 ; 6.553 ; 6.553 ;
; mode_select     ; out[1]      ; 6.627 ; 6.627 ; 6.627 ; 6.627 ;
; mode_select     ; out[2]      ; 6.572 ; 6.572 ; 6.572 ; 6.572 ;
; mode_select     ; out[3]      ; 6.791 ; 6.791 ; 6.791 ; 6.791 ;
; mode_select     ; out[4]      ; 6.828 ; 6.828 ; 6.828 ; 6.828 ;
; mode_select     ; out[5]      ; 6.565 ; 6.565 ; 6.565 ; 6.565 ;
; mode_select     ; out[6]      ; 6.082 ; 6.082 ; 6.082 ; 6.082 ;
; mode_select     ; out[7]      ; 6.209 ; 6.209 ; 6.209 ; 6.209 ;
+-----------------+-------------+-------+-------+-------+-------+


+----------------------------------------------------------------------------+
; Multicorner Timing Analysis Summary                                        ;
+------------------+-------+------+----------+---------+---------------------+
; Clock            ; Setup ; Hold ; Recovery ; Removal ; Minimum Pulse Width ;
+------------------+-------+------+----------+---------+---------------------+
; Worst-case Slack ; N/A   ; N/A  ; N/A      ; N/A     ; N/A                 ;
; Design-wide TNS  ; 0.0   ; 0.0  ; 0.0      ; 0.0     ; 0.0                 ;
+------------------+-------+------+----------+---------+---------------------+


+-------------------------------------------------------------------+
; Progagation Delay                                                 ;
+-----------------+-------------+--------+--------+--------+--------+
; Input Port      ; Output Port ; RR     ; RF     ; FR     ; FF     ;
+-----------------+-------------+--------+--------+--------+--------+
; A[0]            ; c_out       ; 18.491 ; 18.491 ; 18.491 ; 18.491 ;
; A[0]            ; out[0]      ; 21.573 ; 21.573 ; 21.573 ; 21.573 ;
; A[0]            ; out[1]      ; 19.531 ; 19.531 ; 19.531 ; 19.531 ;
; A[0]            ; out[2]      ; 21.390 ; 21.390 ; 21.390 ; 21.390 ;
; A[0]            ; out[3]      ; 20.537 ; 20.537 ; 20.537 ; 20.537 ;
; A[0]            ; out[4]      ; 20.049 ; 20.049 ; 20.049 ; 20.049 ;
; A[0]            ; out[5]      ; 20.382 ; 20.382 ; 20.382 ; 20.382 ;
; A[0]            ; out[6]      ; 21.409 ; 21.409 ; 21.409 ; 21.409 ;
; A[0]            ; out[7]      ; 19.006 ; 19.006 ; 19.006 ; 19.006 ;
; A[1]            ; c_out       ; 18.732 ; 18.732 ; 18.732 ; 18.732 ;
; A[1]            ; out[1]      ; 19.380 ; 19.380 ; 19.380 ; 19.380 ;
; A[1]            ; out[2]      ; 21.631 ; 21.631 ; 21.631 ; 21.631 ;
; A[1]            ; out[3]      ; 20.778 ; 20.778 ; 20.778 ; 20.778 ;
; A[1]            ; out[4]      ; 20.290 ; 20.290 ; 20.290 ; 20.290 ;
; A[1]            ; out[5]      ; 20.623 ; 20.623 ; 20.623 ; 20.623 ;
; A[1]            ; out[6]      ; 21.650 ; 21.650 ; 21.650 ; 21.650 ;
; A[1]            ; out[7]      ; 19.040 ; 19.040 ; 19.040 ; 19.040 ;
; A[2]            ; c_out       ; 18.420 ; 18.420 ; 18.420 ; 18.420 ;
; A[2]            ; out[0]      ; 16.620 ;        ;        ; 16.620 ;
; A[2]            ; out[2]      ; 20.918 ; 20.918 ; 20.918 ; 20.918 ;
; A[2]            ; out[3]      ; 20.466 ; 20.466 ; 20.466 ; 20.466 ;
; A[2]            ; out[4]      ; 19.978 ; 19.978 ; 19.978 ; 19.978 ;
; A[2]            ; out[5]      ; 20.311 ; 20.311 ; 20.311 ; 20.311 ;
; A[2]            ; out[6]      ; 21.338 ; 21.338 ; 21.338 ; 21.338 ;
; A[2]            ; out[7]      ; 18.728 ; 18.728 ; 18.728 ; 18.728 ;
; A[3]            ; c_out       ; 17.444 ; 17.444 ; 17.444 ; 17.444 ;
; A[3]            ; out[1]      ; 16.303 ;        ;        ; 16.303 ;
; A[3]            ; out[3]      ; 19.098 ; 19.098 ; 19.098 ; 19.098 ;
; A[3]            ; out[4]      ; 19.002 ; 19.002 ; 19.002 ; 19.002 ;
; A[3]            ; out[5]      ; 19.335 ; 19.335 ; 19.335 ; 19.335 ;
; A[3]            ; out[6]      ; 20.362 ; 20.362 ; 20.362 ; 20.362 ;
; A[3]            ; out[7]      ; 18.344 ; 18.344 ; 18.344 ; 18.344 ;
; A[4]            ; c_out       ; 16.736 ; 17.167 ; 17.167 ; 16.736 ;
; A[4]            ; out[2]      ; 16.042 ;        ;        ; 16.042 ;
; A[4]            ; out[4]      ; 17.890 ; 17.890 ; 17.890 ; 17.890 ;
; A[4]            ; out[5]      ; 18.627 ; 18.627 ; 18.627 ; 18.627 ;
; A[4]            ; out[6]      ; 19.654 ; 19.654 ; 19.654 ; 19.654 ;
; A[4]            ; out[7]      ; 18.435 ; 18.435 ; 18.435 ; 18.435 ;
; A[5]            ; c_out       ; 15.907 ; 16.508 ; 16.508 ; 15.907 ;
; A[5]            ; out[3]      ; 14.781 ;        ;        ; 14.781 ;
; A[5]            ; out[5]      ; 17.406 ; 17.406 ; 17.406 ; 17.406 ;
; A[5]            ; out[6]      ; 18.825 ; 18.825 ; 18.825 ; 18.825 ;
; A[5]            ; out[7]      ; 17.776 ; 17.776 ; 17.776 ; 17.776 ;
; A[6]            ; c_out       ; 16.285 ; 16.285 ; 16.285 ; 16.285 ;
; A[6]            ; out[4]      ; 13.786 ;        ;        ; 13.786 ;
; A[6]            ; out[6]      ; 18.809 ; 18.809 ; 18.809 ; 18.809 ;
; A[6]            ; out[7]      ; 17.378 ; 17.378 ; 17.378 ; 17.378 ;
; A[7]            ; c_out       ; 16.609 ; 16.609 ; 16.609 ; 16.609 ;
; A[7]            ; out[5]      ; 15.247 ;        ;        ; 15.247 ;
; A[7]            ; out[7]      ; 16.799 ; 16.799 ; 16.799 ; 16.799 ;
; B[0]            ; c_out       ; 18.966 ; 18.966 ; 18.966 ; 18.966 ;
; B[0]            ; out[0]      ; 22.048 ; 22.048 ; 22.048 ; 22.048 ;
; B[0]            ; out[1]      ; 20.006 ; 20.006 ; 20.006 ; 20.006 ;
; B[0]            ; out[2]      ; 21.865 ; 21.865 ; 21.865 ; 21.865 ;
; B[0]            ; out[3]      ; 21.012 ; 21.012 ; 21.012 ; 21.012 ;
; B[0]            ; out[4]      ; 20.524 ; 20.524 ; 20.524 ; 20.524 ;
; B[0]            ; out[5]      ; 20.857 ; 20.857 ; 20.857 ; 20.857 ;
; B[0]            ; out[6]      ; 21.884 ; 21.884 ; 21.884 ; 21.884 ;
; B[0]            ; out[7]      ; 19.531 ; 19.531 ; 19.531 ; 19.531 ;
; B[1]            ; c_out       ; 18.004 ; 18.015 ; 18.015 ; 18.004 ;
; B[1]            ; out[1]      ; 18.653 ; 18.653 ; 18.653 ; 18.653 ;
; B[1]            ; out[2]      ; 20.903 ; 20.903 ; 20.903 ; 20.903 ;
; B[1]            ; out[3]      ; 20.050 ; 20.050 ; 20.050 ; 20.050 ;
; B[1]            ; out[4]      ; 19.562 ; 19.562 ; 19.562 ; 19.562 ;
; B[1]            ; out[5]      ; 19.895 ; 19.895 ; 19.895 ; 19.895 ;
; B[1]            ; out[6]      ; 20.922 ; 20.922 ; 20.922 ; 20.922 ;
; B[1]            ; out[7]      ; 19.268 ; 19.268 ; 19.268 ; 19.268 ;
; B[2]            ; c_out       ; 18.328 ; 18.328 ; 18.328 ; 18.328 ;
; B[2]            ; out[0]      ; 16.536 ;        ;        ; 16.536 ;
; B[2]            ; out[2]      ; 20.826 ; 20.826 ; 20.826 ; 20.826 ;
; B[2]            ; out[3]      ; 20.374 ; 20.374 ; 20.374 ; 20.374 ;
; B[2]            ; out[4]      ; 19.886 ; 19.886 ; 19.886 ; 19.886 ;
; B[2]            ; out[5]      ; 20.219 ; 20.219 ; 20.219 ; 20.219 ;
; B[2]            ; out[6]      ; 21.246 ; 21.246 ; 21.246 ; 21.246 ;
; B[2]            ; out[7]      ; 19.241 ; 19.241 ; 19.241 ; 19.241 ;
; B[3]            ; c_out       ; 18.922 ; 18.922 ; 18.922 ; 18.922 ;
; B[3]            ; out[1]      ; 17.778 ;        ;        ; 17.778 ;
; B[3]            ; out[3]      ; 20.576 ; 20.576 ; 20.576 ; 20.576 ;
; B[3]            ; out[4]      ; 20.480 ; 20.480 ; 20.480 ; 20.480 ;
; B[3]            ; out[5]      ; 20.813 ; 20.813 ; 20.813 ; 20.813 ;
; B[3]            ; out[6]      ; 21.840 ; 21.840 ; 21.840 ; 21.840 ;
; B[3]            ; out[7]      ; 19.747 ; 19.747 ; 19.747 ; 19.747 ;
; B[4]            ; c_out       ; 16.782 ; 17.053 ; 17.053 ; 16.782 ;
; B[4]            ; out[2]      ; 16.399 ;        ;        ; 16.399 ;
; B[4]            ; out[4]      ; 17.936 ; 17.936 ; 17.936 ; 17.936 ;
; B[4]            ; out[5]      ; 18.673 ; 18.673 ; 18.673 ; 18.673 ;
; B[4]            ; out[6]      ; 19.700 ; 19.700 ; 19.700 ; 19.700 ;
; B[4]            ; out[7]      ; 18.306 ; 18.306 ; 18.306 ; 18.306 ;
; B[5]            ; c_out       ; 16.497 ; 16.561 ; 16.561 ; 16.497 ;
; B[5]            ; out[3]      ; 14.939 ;        ;        ; 14.939 ;
; B[5]            ; out[5]      ; 17.997 ; 17.997 ; 17.997 ; 17.997 ;
; B[5]            ; out[6]      ; 19.415 ; 19.415 ; 19.415 ; 19.415 ;
; B[5]            ; out[7]      ; 17.814 ; 17.814 ; 17.814 ; 17.814 ;
; B[6]            ; c_out       ; 16.728 ; 16.728 ; 16.728 ; 16.728 ;
; B[6]            ; out[4]      ; 13.957 ;        ;        ; 13.957 ;
; B[6]            ; out[6]      ; 19.252 ; 19.252 ; 19.252 ; 19.252 ;
; B[6]            ; out[7]      ; 17.836 ; 17.836 ; 17.836 ; 17.836 ;
; B[7]            ; c_out       ; 16.714 ; 17.220 ; 17.220 ; 16.714 ;
; B[7]            ; out[5]      ; 15.347 ;        ;        ; 15.347 ;
; B[7]            ; out[7]      ; 18.047 ; 18.047 ; 18.047 ; 18.047 ;
; c_in            ; c_out       ; 17.255 ; 17.255 ; 17.255 ; 17.255 ;
; c_in            ; out[0]      ; 20.738 ; 20.738 ; 20.738 ; 20.738 ;
; c_in            ; out[1]      ; 18.295 ; 18.295 ; 18.295 ; 18.295 ;
; c_in            ; out[2]      ; 20.154 ; 20.154 ; 20.154 ; 20.154 ;
; c_in            ; out[3]      ; 19.301 ; 19.301 ; 19.301 ; 19.301 ;
; c_in            ; out[4]      ; 18.813 ; 18.813 ; 18.813 ; 18.813 ;
; c_in            ; out[5]      ; 19.146 ; 19.146 ; 19.146 ; 19.146 ;
; c_in            ; out[6]      ; 20.173 ; 20.173 ; 20.173 ; 20.173 ;
; c_in            ; out[7]      ; 17.563 ; 17.563 ; 17.563 ; 17.563 ;
; control_line[0] ; c_out       ; 18.635 ; 18.635 ; 18.635 ; 18.635 ;
; control_line[0] ; out[0]      ; 21.724 ; 21.724 ; 21.724 ; 21.724 ;
; control_line[0] ; out[1]      ; 19.675 ; 19.675 ; 19.675 ; 19.675 ;
; control_line[0] ; out[2]      ; 21.534 ; 21.534 ; 21.534 ; 21.534 ;
; control_line[0] ; out[3]      ; 20.681 ; 20.681 ; 20.681 ; 20.681 ;
; control_line[0] ; out[4]      ; 20.193 ; 20.193 ; 20.193 ; 20.193 ;
; control_line[0] ; out[5]      ; 20.526 ; 20.526 ; 20.526 ; 20.526 ;
; control_line[0] ; out[6]      ; 21.553 ; 21.553 ; 21.553 ; 21.553 ;
; control_line[0] ; out[7]      ; 18.943 ; 18.943 ; 18.943 ; 18.943 ;
; control_line[1] ; c_out       ; 18.438 ; 18.438 ; 18.438 ; 18.438 ;
; control_line[1] ; out[0]      ; 21.391 ; 21.391 ; 21.391 ; 21.391 ;
; control_line[1] ; out[1]      ; 19.512 ; 19.512 ; 19.512 ; 19.512 ;
; control_line[1] ; out[2]      ; 21.202 ; 21.202 ; 21.202 ; 21.202 ;
; control_line[1] ; out[3]      ; 20.484 ; 20.484 ; 20.484 ; 20.484 ;
; control_line[1] ; out[4]      ; 19.996 ; 19.996 ; 19.996 ; 19.996 ;
; control_line[1] ; out[5]      ; 20.329 ; 20.329 ; 20.329 ; 20.329 ;
; control_line[1] ; out[6]      ; 21.356 ; 21.356 ; 21.356 ; 21.356 ;
; control_line[1] ; out[7]      ; 19.255 ; 19.255 ; 19.255 ; 19.255 ;
; control_line[2] ; c_out       ; 15.459 ; 14.235 ; 14.235 ; 15.459 ;
; control_line[2] ; out[0]      ; 19.335 ; 19.335 ; 19.335 ; 19.335 ;
; control_line[2] ; out[1]      ; 19.078 ; 19.078 ; 19.078 ; 19.078 ;
; control_line[2] ; out[2]      ; 19.125 ; 19.125 ; 19.125 ; 19.125 ;
; control_line[2] ; out[3]      ; 19.862 ; 19.862 ; 19.862 ; 19.862 ;
; control_line[2] ; out[4]      ; 17.604 ; 17.604 ; 17.604 ; 17.604 ;
; control_line[2] ; out[5]      ; 18.830 ; 18.830 ; 18.830 ; 18.830 ;
; control_line[2] ; out[6]      ; 18.793 ; 18.793 ; 18.793 ; 18.793 ;
; control_line[2] ; out[7]      ; 18.821 ; 18.821 ; 18.821 ; 18.821 ;
; mode_select     ; c_out       ; 14.264 ;        ;        ; 14.264 ;
; mode_select     ; out[0]      ; 14.990 ; 14.990 ; 14.990 ; 14.990 ;
; mode_select     ; out[1]      ; 15.265 ; 15.265 ; 15.265 ; 15.265 ;
; mode_select     ; out[2]      ; 16.195 ; 16.195 ; 16.195 ; 16.195 ;
; mode_select     ; out[3]      ; 16.761 ; 16.761 ; 16.761 ; 16.761 ;
; mode_select     ; out[4]      ; 16.967 ; 16.967 ; 16.967 ; 16.967 ;
; mode_select     ; out[5]      ; 16.039 ; 16.039 ; 16.039 ; 16.039 ;
; mode_select     ; out[6]      ; 13.524 ; 13.524 ; 13.524 ; 13.524 ;
; mode_select     ; out[7]      ; 13.952 ; 13.952 ; 13.952 ; 13.952 ;
+-----------------+-------------+--------+--------+--------+--------+


+---------------------------------------------------------------+
; Minimum Progagation Delay                                     ;
+-----------------+-------------+-------+-------+-------+-------+
; Input Port      ; Output Port ; RR    ; RF    ; FR    ; FF    ;
+-----------------+-------------+-------+-------+-------+-------+
; A[0]            ; c_out       ; 7.699 ; 7.459 ; 7.459 ; 7.699 ;
; A[0]            ; out[0]      ; 7.062 ; 7.062 ; 7.062 ; 7.062 ;
; A[0]            ; out[1]      ; 7.584 ; 7.584 ; 7.584 ; 7.584 ;
; A[0]            ; out[2]      ; 7.002 ; 7.002 ; 7.002 ; 7.002 ;
; A[0]            ; out[3]      ; 7.921 ; 7.921 ; 7.921 ; 7.921 ;
; A[0]            ; out[4]      ; 7.562 ; 7.562 ; 7.562 ; 7.562 ;
; A[0]            ; out[5]      ; 7.678 ; 7.678 ; 7.678 ; 7.678 ;
; A[0]            ; out[6]      ; 7.976 ; 7.976 ; 7.976 ; 7.976 ;
; A[0]            ; out[7]      ; 7.783 ; 7.783 ; 7.783 ; 7.783 ;
; A[1]            ; c_out       ; 7.716 ; 7.393 ; 7.393 ; 7.716 ;
; A[1]            ; out[1]      ; 6.969 ; 7.117 ; 7.117 ; 6.969 ;
; A[1]            ; out[2]      ; 7.688 ; 7.688 ; 7.688 ; 7.688 ;
; A[1]            ; out[3]      ; 6.813 ; 7.855 ; 7.855 ; 6.813 ;
; A[1]            ; out[4]      ; 7.496 ; 7.496 ; 7.496 ; 7.496 ;
; A[1]            ; out[5]      ; 7.612 ; 7.612 ; 7.612 ; 7.612 ;
; A[1]            ; out[6]      ; 7.910 ; 7.910 ; 7.910 ; 7.910 ;
; A[1]            ; out[7]      ; 7.766 ; 7.766 ; 7.766 ; 7.766 ;
; A[2]            ; c_out       ; 7.639 ; 7.306 ; 7.306 ; 7.639 ;
; A[2]            ; out[0]      ; 6.997 ;       ;       ; 6.997 ;
; A[2]            ; out[2]      ; 6.770 ; 6.878 ; 6.878 ; 6.770 ;
; A[2]            ; out[3]      ; 7.768 ; 7.768 ; 7.768 ; 7.768 ;
; A[2]            ; out[4]      ; 6.979 ; 6.979 ; 6.979 ; 6.979 ;
; A[2]            ; out[5]      ; 7.525 ; 7.525 ; 7.525 ; 7.525 ;
; A[2]            ; out[6]      ; 7.823 ; 7.823 ; 7.823 ; 7.823 ;
; A[2]            ; out[7]      ; 7.679 ; 7.679 ; 7.679 ; 7.679 ;
; A[3]            ; c_out       ; 7.276 ; 7.152 ; 7.152 ; 7.276 ;
; A[3]            ; out[1]      ; 6.857 ;       ;       ; 6.857 ;
; A[3]            ; out[3]      ; 6.634 ; 6.634 ; 6.634 ; 6.634 ;
; A[3]            ; out[4]      ; 7.255 ; 7.255 ; 7.255 ; 7.255 ;
; A[3]            ; out[5]      ; 6.220 ; 7.371 ; 7.371 ; 6.220 ;
; A[3]            ; out[6]      ; 7.669 ; 7.669 ; 7.669 ; 7.669 ;
; A[3]            ; out[7]      ; 7.360 ; 7.360 ; 7.360 ; 7.360 ;
; A[4]            ; c_out       ; 7.082 ; 7.082 ; 7.082 ; 7.082 ;
; A[4]            ; out[2]      ; 6.842 ;       ;       ; 6.842 ;
; A[4]            ; out[4]      ; 6.848 ; 6.848 ; 6.848 ; 6.848 ;
; A[4]            ; out[5]      ; 7.413 ; 7.413 ; 7.413 ; 7.413 ;
; A[4]            ; out[6]      ; 6.737 ; 7.711 ; 7.711 ; 6.737 ;
; A[4]            ; out[7]      ; 7.166 ; 7.166 ; 7.166 ; 7.166 ;
; A[5]            ; c_out       ; 6.745 ; 6.745 ; 6.745 ; 6.745 ;
; A[5]            ; out[3]      ; 6.396 ;       ;       ; 6.396 ;
; A[5]            ; out[5]      ; 6.373 ; 6.373 ; 6.373 ; 6.373 ;
; A[5]            ; out[6]      ; 7.455 ; 7.455 ; 7.455 ; 7.455 ;
; A[5]            ; out[7]      ; 6.244 ; 6.829 ; 6.829 ; 6.244 ;
; A[6]            ; c_out       ; 6.822 ; 6.822 ; 6.822 ; 6.822 ;
; A[6]            ; out[4]      ; 6.096 ;       ;       ; 6.096 ;
; A[6]            ; out[6]      ; 6.366 ; 6.366 ; 6.366 ; 6.366 ;
; A[6]            ; out[7]      ; 6.906 ; 6.906 ; 6.906 ; 6.906 ;
; A[7]            ; c_out       ; 6.925 ; 6.772 ; 6.772 ; 6.925 ;
; A[7]            ; out[5]      ; 6.538 ;       ;       ; 6.538 ;
; A[7]            ; out[7]      ; 6.299 ; 6.534 ; 6.534 ; 6.299 ;
; B[0]            ; c_out       ; 7.706 ; 7.598 ; 7.598 ; 7.706 ;
; B[0]            ; out[0]      ; 7.190 ; 7.190 ; 7.190 ; 7.190 ;
; B[0]            ; out[1]      ; 7.800 ; 7.800 ; 7.800 ; 7.800 ;
; B[0]            ; out[2]      ; 7.129 ; 7.129 ; 7.129 ; 7.129 ;
; B[0]            ; out[3]      ; 8.072 ; 8.072 ; 8.072 ; 8.072 ;
; B[0]            ; out[4]      ; 7.199 ; 7.199 ; 7.199 ; 7.199 ;
; B[0]            ; out[5]      ; 7.830 ; 7.830 ; 7.830 ; 7.830 ;
; B[0]            ; out[6]      ; 7.473 ; 7.473 ; 7.473 ; 7.473 ;
; B[0]            ; out[7]      ; 7.790 ; 7.790 ; 7.790 ; 7.790 ;
; B[1]            ; c_out       ; 7.495 ; 7.473 ; 7.473 ; 7.495 ;
; B[1]            ; out[1]      ; 6.747 ; 6.898 ; 6.898 ; 6.747 ;
; B[1]            ; out[2]      ; 7.357 ; 7.357 ; 7.357 ; 7.357 ;
; B[1]            ; out[3]      ; 6.591 ; 7.947 ; 7.947 ; 6.591 ;
; B[1]            ; out[4]      ; 7.074 ; 7.074 ; 7.074 ; 7.074 ;
; B[1]            ; out[5]      ; 7.705 ; 7.705 ; 7.705 ; 7.705 ;
; B[1]            ; out[6]      ; 7.348 ; 7.348 ; 7.348 ; 7.348 ;
; B[1]            ; out[7]      ; 7.579 ; 7.579 ; 7.579 ; 7.579 ;
; B[2]            ; c_out       ; 7.598 ; 7.446 ; 7.446 ; 7.598 ;
; B[2]            ; out[0]      ; 6.989 ;       ;       ; 6.989 ;
; B[2]            ; out[2]      ; 6.762 ; 6.864 ; 6.864 ; 6.762 ;
; B[2]            ; out[3]      ; 7.920 ; 7.920 ; 7.920 ; 7.920 ;
; B[2]            ; out[4]      ; 6.971 ; 6.971 ; 6.971 ; 6.971 ;
; B[2]            ; out[5]      ; 7.678 ; 7.678 ; 7.678 ; 7.678 ;
; B[2]            ; out[6]      ; 7.321 ; 7.321 ; 7.321 ; 7.321 ;
; B[2]            ; out[7]      ; 7.682 ; 7.682 ; 7.682 ; 7.682 ;
; B[3]            ; c_out       ; 7.291 ; 7.291 ; 7.291 ; 7.291 ;
; B[3]            ; out[1]      ; 7.318 ;       ;       ; 7.318 ;
; B[3]            ; out[3]      ; 7.104 ; 7.104 ; 7.104 ; 7.104 ;
; B[3]            ; out[4]      ; 7.165 ; 7.165 ; 7.165 ; 7.165 ;
; B[3]            ; out[5]      ; 6.681 ; 7.796 ; 7.796 ; 6.681 ;
; B[3]            ; out[6]      ; 7.439 ; 7.439 ; 7.439 ; 7.439 ;
; B[3]            ; out[7]      ; 7.375 ; 7.375 ; 7.375 ; 7.375 ;
; B[4]            ; c_out       ; 7.042 ; 7.042 ; 7.042 ; 7.042 ;
; B[4]            ; out[2]      ; 6.896 ;       ;       ; 6.896 ;
; B[4]            ; out[4]      ; 6.586 ; 6.586 ; 6.586 ; 6.586 ;
; B[4]            ; out[5]      ; 7.320 ; 7.320 ; 7.320 ; 7.320 ;
; B[4]            ; out[6]      ; 6.791 ; 6.963 ; 6.963 ; 6.791 ;
; B[4]            ; out[7]      ; 7.126 ; 7.126 ; 7.126 ; 7.126 ;
; B[5]            ; c_out       ; 6.783 ; 6.783 ; 6.783 ; 6.783 ;
; B[5]            ; out[3]      ; 6.437 ;       ;       ; 6.437 ;
; B[5]            ; out[5]      ; 6.408 ; 6.408 ; 6.408 ; 6.408 ;
; B[5]            ; out[6]      ; 6.791 ; 6.791 ; 6.791 ; 6.791 ;
; B[5]            ; out[7]      ; 6.285 ; 6.867 ; 6.867 ; 6.285 ;
; B[6]            ; c_out       ; 6.605 ; 6.605 ; 6.605 ; 6.605 ;
; B[6]            ; out[4]      ; 6.152 ;       ;       ; 6.152 ;
; B[6]            ; out[6]      ; 6.334 ; 6.334 ; 6.334 ; 6.334 ;
; B[6]            ; out[7]      ; 6.689 ; 6.689 ; 6.689 ; 6.689 ;
; B[7]            ; c_out       ; 6.812 ; 6.812 ; 6.812 ; 6.812 ;
; B[7]            ; out[5]      ; 6.545 ;       ;       ; 6.545 ;
; B[7]            ; out[7]      ; 6.306 ; 6.542 ; 6.542 ; 6.306 ;
; c_in            ; c_out       ; 7.191 ; 7.191 ; 7.191 ; 7.191 ;
; c_in            ; out[0]      ; 8.111 ; 8.111 ; 8.111 ; 8.111 ;
; c_in            ; out[1]      ; 7.401 ; 7.401 ; 7.401 ; 7.401 ;
; c_in            ; out[2]      ; 7.947 ; 7.947 ; 7.947 ; 7.947 ;
; c_in            ; out[3]      ; 7.697 ; 7.697 ; 7.697 ; 7.697 ;
; c_in            ; out[4]      ; 7.599 ; 7.599 ; 7.599 ; 7.599 ;
; c_in            ; out[5]      ; 7.702 ; 7.702 ; 7.702 ; 7.702 ;
; c_in            ; out[6]      ; 8.008 ; 8.008 ; 8.008 ; 8.008 ;
; c_in            ; out[7]      ; 7.275 ; 7.275 ; 7.275 ; 7.275 ;
; control_line[0] ; c_out       ; 6.590 ; 6.590 ; 6.590 ; 6.590 ;
; control_line[0] ; out[0]      ; 6.982 ; 6.982 ; 6.982 ; 6.982 ;
; control_line[0] ; out[1]      ; 6.733 ; 6.733 ; 6.733 ; 6.733 ;
; control_line[0] ; out[2]      ; 6.715 ; 6.715 ; 6.715 ; 6.715 ;
; control_line[0] ; out[3]      ; 6.577 ; 6.577 ; 6.577 ; 6.577 ;
; control_line[0] ; out[4]      ; 6.329 ; 6.329 ; 6.329 ; 6.329 ;
; control_line[0] ; out[5]      ; 6.349 ; 6.349 ; 6.349 ; 6.349 ;
; control_line[0] ; out[6]      ; 6.689 ; 6.689 ; 6.689 ; 6.689 ;
; control_line[0] ; out[7]      ; 6.711 ; 6.711 ; 6.711 ; 6.711 ;
; control_line[1] ; c_out       ; 6.576 ; 6.576 ; 6.576 ; 6.576 ;
; control_line[1] ; out[0]      ; 6.664 ; 6.946 ; 6.946 ; 6.664 ;
; control_line[1] ; out[1]      ; 6.473 ; 6.794 ; 6.794 ; 6.473 ;
; control_line[1] ; out[2]      ; 6.393 ; 6.393 ; 6.393 ; 6.393 ;
; control_line[1] ; out[3]      ; 6.761 ; 6.761 ; 6.761 ; 6.761 ;
; control_line[1] ; out[4]      ; 6.649 ; 6.649 ; 6.649 ; 6.649 ;
; control_line[1] ; out[5]      ; 6.682 ; 6.682 ; 6.682 ; 6.682 ;
; control_line[1] ; out[6]      ; 6.822 ; 6.606 ; 6.606 ; 6.822 ;
; control_line[1] ; out[7]      ; 6.852 ; 6.673 ; 6.673 ; 6.852 ;
; control_line[2] ; c_out       ; 6.742 ; 6.336 ; 6.336 ; 6.742 ;
; control_line[2] ; out[0]      ; 6.836 ; 6.836 ; 6.836 ; 6.836 ;
; control_line[2] ; out[1]      ; 6.765 ; 6.765 ; 6.765 ; 6.765 ;
; control_line[2] ; out[2]      ; 6.453 ; 6.453 ; 6.453 ; 6.453 ;
; control_line[2] ; out[3]      ; 6.671 ; 6.671 ; 6.671 ; 6.671 ;
; control_line[2] ; out[4]      ; 6.709 ; 6.709 ; 6.709 ; 6.709 ;
; control_line[2] ; out[5]      ; 6.445 ; 6.445 ; 6.445 ; 6.445 ;
; control_line[2] ; out[6]      ; 6.517 ; 6.517 ; 6.517 ; 6.517 ;
; control_line[2] ; out[7]      ; 6.547 ; 6.547 ; 6.547 ; 6.547 ;
; mode_select     ; c_out       ; 6.342 ;       ;       ; 6.342 ;
; mode_select     ; out[0]      ; 6.553 ; 6.553 ; 6.553 ; 6.553 ;
; mode_select     ; out[1]      ; 6.627 ; 6.627 ; 6.627 ; 6.627 ;
; mode_select     ; out[2]      ; 6.572 ; 6.572 ; 6.572 ; 6.572 ;
; mode_select     ; out[3]      ; 6.791 ; 6.791 ; 6.791 ; 6.791 ;
; mode_select     ; out[4]      ; 6.828 ; 6.828 ; 6.828 ; 6.828 ;
; mode_select     ; out[5]      ; 6.565 ; 6.565 ; 6.565 ; 6.565 ;
; mode_select     ; out[6]      ; 6.082 ; 6.082 ; 6.082 ; 6.082 ;
; mode_select     ; out[7]      ; 6.209 ; 6.209 ; 6.209 ; 6.209 ;
+-----------------+-------------+-------+-------+-------+-------+


-------------------
; Clock Transfers ;
-------------------
Nothing to report.


---------------
; Report TCCS ;
---------------
No dedicated SERDES Transmitter circuitry present in device or used in design


---------------
; Report RSKM ;
---------------
No dedicated SERDES Receiver circuitry present in device or used in design


+------------------------------------------------+
; Unconstrained Paths                            ;
+---------------------------------+-------+------+
; Property                        ; Setup ; Hold ;
+---------------------------------+-------+------+
; Illegal Clocks                  ; 0     ; 0    ;
; Unconstrained Clocks            ; 0     ; 0    ;
; Unconstrained Input Ports       ; 21    ; 21   ;
; Unconstrained Input Port Paths  ; 145   ; 145  ;
; Unconstrained Output Ports      ; 9     ; 9    ;
; Unconstrained Output Port Paths ; 145   ; 145  ;
+---------------------------------+-------+------+


+------------------------------------+
; TimeQuest Timing Analyzer Messages ;
+------------------------------------+
Info: *******************************************************************
Info: Running Quartus II 32-bit TimeQuest Timing Analyzer
    Info: Version 13.0.1 Build 232 06/12/2013 Service Pack 1 SJ Web Edition
    Info: Processing started: Wed Oct 28 11:59:29 2020
Info: Command: quartus_sta ALU -c ALU
Info: qsta_default_script.tcl version: #1
Warning (20028): Parallel compilation is not licensed and has been disabled
Info (21077): Low junction temperature is 0 degrees C
Info (21077): High junction temperature is 85 degrees C
Critical Warning (332012): Synopsys Design Constraints File file not found: 'ALU.sdc'. A Synopsys Design Constraints File is required by the TimeQuest Timing Analyzer to get proper timing constraints. Without it, the Compiler will not properly optimize the design.
Info (332142): No user constrained base clocks found in the design. Calling "derive_clocks -period 1.0"
Info (332096): The command derive_clocks did not find any clocks to derive.  No clocks were created or changed.
Warning (332068): No clocks defined in design.
Info: Found TIMEQUEST_REPORT_SCRIPT_INCLUDE_DEFAULT_ANALYSIS = ON
Info (332159): No clocks to report
Info: Analyzing Slow Model
Info (332140): No fmax paths to report
Info (332140): No Setup paths to report
Info (332140): No Hold paths to report
Info (332140): No Recovery paths to report
Info (332140): No Removal paths to report
Info (332140): No Minimum Pulse Width paths to report
Info (332001): The selected device family is not supported by the report_metastability command.
Info: Analyzing Fast Model
Info (332142): No user constrained base clocks found in the design. Calling "derive_clocks -period 1.0"
Info (332096): The command derive_clocks did not find any clocks to derive.  No clocks were created or changed.
Warning (332068): No clocks defined in design.
Info (332140): No Setup paths to report
Info (332140): No Hold paths to report
Info (332140): No Recovery paths to report
Info (332140): No Removal paths to report
Info (332140): No Minimum Pulse Width paths to report
Info (332001): The selected device family is not supported by the report_metastability command.
Info (332102): Design is not fully constrained for setup requirements
Info (332102): Design is not fully constrained for hold requirements
Info: Quartus II 32-bit TimeQuest Timing Analyzer was successful. 0 errors, 4 warnings
    Info: Peak virtual memory: 296 megabytes
    Info: Processing ended: Wed Oct 28 11:59:30 2020
    Info: Elapsed time: 00:00:01
    Info: Total CPU time (on all processors): 00:00:01


